// Jest Snapshot v1, https://goo.gl/fbAQLP

exports[`SetItemComponent rendering should render a <View /> 1`] = `
<Styled(ListItem)
  onPress={[Function]}
  style={
    Object {
      "backgroundColor": "white",
    }
  }
>
  <GridNB>
    <ColumnNB
      size={20}
    >
      <Styled(Text)
        style={
          Object {
            "fontWeight": "bold",
          }
        }
      >
        0
      </Styled(Text)>
    </ColumnNB>
    <ColumnNB
      size={60}
    >
      <GridNB>
        <ColumnNB>
          <Styled(Text)
            style={
              Object {
                "alignSelf": "flex-end",
                "fontWeight": "bold",
              }
            }
          >
            150
          </Styled(Text)>
        </ColumnNB>
        <ColumnNB>
          <Styled(Subtitle)
            style={
              Object {
                "alignSelf": "flex-start",
              }
            }
          >
            kgs
          </Styled(Subtitle)>
        </ColumnNB>
      </GridNB>
    </ColumnNB>
    <ColumnNB
      size={10}
    >
      <Styled(Text)
        style={
          Object {
            "alignSelf": "flex-end",
            "fontWeight": "bold",
          }
        }
      >
        5
      </Styled(Text)>
    </ColumnNB>
    <ColumnNB
      size={10}
    >
      <Styled(Subtitle)
        style={
          Object {
            "alignSelf": "flex-start",
          }
        }
      >
        reps
      </Styled(Subtitle)>
    </ColumnNB>
  </GridNB>
</Styled(ListItem)>
`;
